Info: See Adastra AI module documentation at:
https://dci.dci-gitlab.cines.fr/webextranet/software_stack/AI/index.html (or
type module load venv) 
Job started at Thu, 18 Jun 2026 15:49:27 +0200
BIND_STRATEGY=mi300_numa  wrapper=/lus/home/CRAY/hpe/jpourroy/CINES_Hackathon_DINO_NIFTI_Axial/scripts/bind_mi300.sh  config=/lus/home/CRAY/hpe/jpourroy/CINES_Hackathon_DINO_NIFTI_Axial/nifti_dino_axial/configs/phase1.yaml  output=/lus/home/CRAY/hpe/jpourroy/CINES_Hackathon_DINO_NIFTI_Axial/nifti_dino_axial/checkpoints/mi300_mi300_numa_run
[bind_mi300] rank=0  cpu_set=0-23  OMP_NUM_THREADS=24  allowed=ffffffffffffffffffffffffffffffffffffffffffffffff
[bind_mi300] rank=1  cpu_set=24-47  OMP_NUM_THREADS=24  allowed=ffffffffffffffffffffffffffffffffffffffffffffffff
15:49:48 INFO [__main__] Config     : /lus/home/CRAY/hpe/jpourroy/CINES_Hackathon_DINO_NIFTI_Axial/nifti_dino_axial/configs/phase1.yaml
15:49:48 INFO [__main__] Output dir : /lus/home/CRAY/hpe/jpourroy/CINES_Hackathon_DINO_NIFTI_Axial/nifti_dino_axial/checkpoints/mi300_mi300_numa_run
15:49:48 INFO [__main__] Effective : local_batch_size=10  num_workers=8  prefetch_factor=2  grad_ckpt=True  world_size=2
15:49:58 INFO [nifti_dino_axial.data.dataset] Loaded slice index from /lus/work/CT3/cad17796/SHARED/merlin_extracted/slice_index.json: 10,604,577 slices
15:49:58 INFO [__main__] Dataset: 10,604,577 valid axial slices
15:49:58 INFO [dinov3] using base=100.0 for rope new
15:49:58 INFO [dinov3] using min_period=None for rope new
15:49:58 INFO [dinov3] using max_period=None for rope new
15:49:58 INFO [dinov3] using normalize_coords=separate for rope new
15:49:58 INFO [dinov3] using shift_coords=None for rope new
15:49:58 INFO [dinov3] using rescale_coords=None for rope new
15:49:58 INFO [dinov3] using jitter_coords=None for rope new
15:49:58 INFO [dinov3] using dtype=bf16 for rope new
15:49:58 INFO [dinov3] using mlp layer as FFN
15:49:58 INFO [nifti_dino_axial.data.dataset] Loaded slice index from /lus/work/CT3/cad17796/SHARED/merlin_extracted/slice_index.json: 10,604,577 slices
15:49:58 INFO [dinov3] using base=100.0 for rope new
15:49:58 INFO [dinov3] using min_period=None for rope new
15:49:58 INFO [dinov3] using max_period=None for rope new
15:49:58 INFO [dinov3] using normalize_coords=separate for rope new
15:49:58 INFO [dinov3] using shift_coords=None for rope new
15:49:58 INFO [dinov3] using rescale_coords=None for rope new
15:49:58 INFO [dinov3] using jitter_coords=None for rope new
15:49:58 INFO [dinov3] using dtype=bf16 for rope new
15:49:58 INFO [dinov3] using mlp layer as FFN
15:49:59 INFO [__main__] Pretrained weights: /lus/home/CRAY/hpe/jpourroy/CINES_Hackathon_DINO_NIFTI_Axial/nifti_dino_axial/models_pretrained/flexiCT/2D_final_model.pth
15:50:01 INFO [__main__] Loaded pretrained weights from /lus/home/CRAY/hpe/jpourroy/CINES_Hackathon_DINO_NIFTI_Axial/nifti_dino_axial/models_pretrained/flexiCT/2D_final_model.pth
15:50:01 INFO [__main__] Loaded pretrained weights from /lus/home/CRAY/hpe/jpourroy/CINES_Hackathon_DINO_NIFTI_Axial/nifti_dino_axial/models_pretrained/flexiCT/2D_final_model.pth
15:50:01 INFO [nifti_dino_axial.training.trainer] [rank 0] TensorBoard not available (pip install tensorboard to enable)
/lus/home/softs/gaia-external/IA/venv_AI/versions/venv_AI_p311_torch-v2.11.0_rocm7.2.0_20260505/lib64/python3.11/site-packages/torch/nn/utils/weight_norm.py:144: FutureWarning: `torch.nn.utils.weight_norm` is deprecated in favor of `torch.nn.utils.parametrizations.weight_norm`.
  WeightNorm.apply(module, name, dim)
/lus/home/softs/gaia-external/IA/venv_AI/versions/venv_AI_p311_torch-v2.11.0_rocm7.2.0_20260505/lib64/python3.11/site-packages/torch/nn/utils/weight_norm.py:144: FutureWarning: `torch.nn.utils.weight_norm` is deprecated in favor of `torch.nn.utils.parametrizations.weight_norm`.
  WeightNorm.apply(module, name, dim)
15:50:03 INFO [dinov3] using base=100.0 for rope new
15:50:03 INFO [dinov3] using min_period=None for rope new
15:50:03 INFO [dinov3] using max_period=None for rope new
15:50:03 INFO [dinov3] using normalize_coords=separate for rope new
15:50:03 INFO [dinov3] using shift_coords=None for rope new
15:50:03 INFO [dinov3] using rescale_coords=None for rope new
15:50:03 INFO [dinov3] using jitter_coords=None for rope new
15:50:03 INFO [dinov3] using dtype=bf16 for rope new
15:50:03 INFO [dinov3] using mlp layer as FFN
15:50:03 INFO [dinov3] using base=100.0 for rope new
15:50:03 INFO [dinov3] using min_period=None for rope new
15:50:03 INFO [dinov3] using max_period=None for rope new
15:50:03 INFO [dinov3] using normalize_coords=separate for rope new
15:50:03 INFO [dinov3] using shift_coords=None for rope new
15:50:03 INFO [dinov3] using rescale_coords=None for rope new
15:50:03 INFO [dinov3] using jitter_coords=None for rope new
15:50:03 INFO [dinov3] using dtype=bf16 for rope new
15:50:03 INFO [dinov3] using mlp layer as FFN
15:50:15 INFO [nifti_dino_axial.training.trainer] [rank 0] Flexi patch sizes: [8, 16]  (base=8)
15:50:15 INFO [nifti_dino_axial.training.trainer] [rank 1] Flexi patch sizes: [8, 16]  (base=8)
15:51:18 INFO [nifti_dino_axial.training.trainer] step=     50/200000  loss=21.7839  dino=10.9571  ibot=10.8090  koleo=0.1779  gram=0.0000  ps=8  lr=3.92e-06  ema=0.99400  it/s=0.81  eta=68h57m
15:51:57 INFO [nifti_dino_axial.training.trainer] step=    100/200000  loss=21.7522  dino=10.9550  ibot=10.7747  koleo=0.2248  gram=0.0000  ps=16  lr=7.92e-06  ema=0.99400  it/s=1.28  eta=43h16m
15:52:36 INFO [nifti_dino_axial.training.trainer] step=    150/200000  loss=21.4855  dino=10.8201  ibot=10.6434  koleo=0.2199  gram=0.0000  ps=8  lr=1.19e-05  ema=0.99400  it/s=1.31  eta=42h24m
15:53:17 INFO [nifti_dino_axial.training.trainer] step=    200/200000  loss=21.1500  dino=10.6126  ibot=10.5232  koleo=0.1430  gram=0.0000  ps=8  lr=1.59e-05  ema=0.99400  it/s=1.22  eta=45h31m
srun: Job step aborted: Waiting up to 32 seconds for job step to finish.
slurmstepd: error: *** STEP 5075416.0 ON a1020 CANCELLED AT 2026-06-18T15:53:49 ***
slurmstepd: error: *** JOB 5075416 ON a1020 CANCELLED AT 2026-06-18T15:53:49 ***
W0618 15:53:49.867000 3920800 torch/distributed/elastic/agent/server/api.py:739] Received 15 death signal, shutting down workers
W0618 15:53:49.867000 3920800 torch/distributed/elastic/multiprocessing/api.py:1012] Sending process 3922134 closing signal SIGTERM
W0618 15:53:49.870000 3920800 torch/distributed/elastic/multiprocessing/api.py:1012] Sending process 3922135 closing signal SIGTERM
