Info: See Adastra AI module documentation at:
https://dci.dci-gitlab.cines.fr/webextranet/software_stack/AI/index.html (or
type module load venv) 
Job started at Thu, 18 Jun 2026 15:40:08 +0200
BIND_STRATEGY=mi300_numa  wrapper=/lus/home/CRAY/hpe/jpourroy/CINES_Hackathon_DINO_NIFTI_Axial/scripts/bind_mi300.sh  config=/lus/home/CRAY/hpe/jpourroy/CINES_Hackathon_DINO_NIFTI_Axial/nifti_dino_axial/configs/phase1_b40.yaml  output=/lus/home/CRAY/hpe/jpourroy/CINES_Hackathon_DINO_NIFTI_Axial/nifti_dino_axial/checkpoints/mi300_mi300_numa_b40_run
[bind_mi300] rank=0  cpu_set=0-23  OMP_NUM_THREADS=24  allowed=ffffffffffffffffffffffffffffffffffffffffffffffff
15:40:17 INFO [__main__] Config     : /lus/home/CRAY/hpe/jpourroy/CINES_Hackathon_DINO_NIFTI_Axial/nifti_dino_axial/configs/phase1_b40.yaml
15:40:17 INFO [__main__] Output dir : /lus/home/CRAY/hpe/jpourroy/CINES_Hackathon_DINO_NIFTI_Axial/nifti_dino_axial/checkpoints/mi300_mi300_numa_b40_run
15:40:17 INFO [__main__] Effective : local_batch_size=40  num_workers=8  prefetch_factor=2  grad_ckpt=True  world_size=1
15:40:21 INFO [nifti_dino_axial.data.dataset] Loaded slice index from /lus/work/CT3/cad17796/SHARED/merlin_extracted/slice_index.json: 10,604,577 slices
15:40:21 INFO [__main__] Dataset: 10,604,577 valid axial slices
15:40:21 INFO [dinov3] using base=100.0 for rope new
15:40:21 INFO [dinov3] using min_period=None for rope new
15:40:21 INFO [dinov3] using max_period=None for rope new
15:40:21 INFO [dinov3] using normalize_coords=separate for rope new
15:40:21 INFO [dinov3] using shift_coords=None for rope new
15:40:21 INFO [dinov3] using rescale_coords=None for rope new
15:40:21 INFO [dinov3] using jitter_coords=None for rope new
15:40:21 INFO [dinov3] using dtype=bf16 for rope new
15:40:21 INFO [dinov3] using mlp layer as FFN
15:40:22 INFO [__main__] Pretrained weights: /lus/home/CRAY/hpe/jpourroy/CINES_Hackathon_DINO_NIFTI_Axial/nifti_dino_axial/models_pretrained/flexiCT/2D_final_model.pth
15:40:23 INFO [__main__] Loaded pretrained weights from /lus/home/CRAY/hpe/jpourroy/CINES_Hackathon_DINO_NIFTI_Axial/nifti_dino_axial/models_pretrained/flexiCT/2D_final_model.pth
15:40:23 INFO [nifti_dino_axial.training.trainer] [rank 0] TensorBoard not available (pip install tensorboard to enable)
/lus/home/softs/gaia-external/IA/venv_AI/versions/venv_AI_p311_torch-v2.11.0_rocm7.2.0_20260505/lib64/python3.11/site-packages/torch/nn/utils/weight_norm.py:144: FutureWarning: `torch.nn.utils.weight_norm` is deprecated in favor of `torch.nn.utils.parametrizations.weight_norm`.
  WeightNorm.apply(module, name, dim)
15:40:24 INFO [dinov3] using base=100.0 for rope new
15:40:24 INFO [dinov3] using min_period=None for rope new
15:40:24 INFO [dinov3] using max_period=None for rope new
15:40:24 INFO [dinov3] using normalize_coords=separate for rope new
15:40:24 INFO [dinov3] using shift_coords=None for rope new
15:40:24 INFO [dinov3] using rescale_coords=None for rope new
15:40:24 INFO [dinov3] using jitter_coords=None for rope new
15:40:24 INFO [dinov3] using dtype=bf16 for rope new
15:40:24 INFO [dinov3] using mlp layer as FFN
15:40:26 INFO [nifti_dino_axial.training.trainer] [rank 0] Flexi patch sizes: [8, 16]  (base=8)
15:42:24 INFO [nifti_dino_axial.training.trainer] step=     50/200000  loss=22.3342  dino=11.2628  ibot=11.0545  koleo=0.1683  gram=0.0000  ps=8  lr=3.92e-06  ema=0.99400  it/s=0.43  eta=128h57m
15:43:48 INFO [nifti_dino_axial.training.trainer] step=    100/200000  loss=22.1161  dino=11.2053  ibot=10.8996  koleo=0.1115  gram=0.0000  ps=16  lr=7.92e-06  ema=0.99400  it/s=0.59  eta=94h18m
15:45:13 INFO [nifti_dino_axial.training.trainer] step=    150/200000  loss=21.9032  dino=11.1354  ibot=10.7636  koleo=0.0417  gram=0.0000  ps=16  lr=1.19e-05  ema=0.99400  it/s=0.59  eta=94h20m
srun: Job step aborted: Waiting up to 32 seconds for job step to finish.
slurmstepd: error: *** STEP 5075376.0 ON a1019 CANCELLED AT 2026-06-18T15:45:41 ***
slurmstepd: error: *** JOB 5075376 ON a1019 CANCELLED AT 2026-06-18T15:45:41 ***
W0618 15:45:41.102000 2046447 torch/distributed/elastic/agent/server/api.py:739] Received 15 death signal, shutting down workers
W0618 15:45:41.106000 2046447 torch/distributed/elastic/multiprocessing/api.py:1012] Sending process 2046595 closing signal SIGTERM
